Process is running in low integrity mode...
Loading player data from Q:/Users/UserMgr1/AppData/Local/Packages/NSPX.Kiosk_8r28b9prq7p9c/LocalState/games/1919460/Seraph's Last Stand_Data/data.unity3d
Initialize engine version: 2021.3.0f1 (6eacc8284459)
[Subsystems] Discovering subsystems at path Q:/Users/UserMgr1/AppData/Local/Packages/NSPX.Kiosk_8r28b9prq7p9c/LocalState/games/1919460/Seraph's Last Stand_Data/UnitySubsystems
GfxDevice: creating device client; threaded=1; jobified=1
Direct3D:
    Version:  Direct3D 11.0 [level 11.0]
    Renderer: SraKmd_arden (ID=0xd000)
    Vendor:   Microsoft
    VRAM:     4096 MB
Failed to load cursor from 'Q:\Users\UserMgr1\AppData\Local\Packages\nspx.kiosk_8r28b9prq7p9c\AC\Temp\curEF21.tmp': The operation completed successfully.
FMOD failed to get number of drivers ... : "Error initializing output device. " (60)
FMOD failed to get number of drivers ... : "Error initializing output device. " (60)
FMOD failed to initialize any audio devices, running on emulated software output with no sound. Please check your audio drivers and/or hardware for malfunction.
<RI> Initializing input.
New input system (experimental) initialized
XInput1_4.dll not found. Trying XInput1_3.dll instead...
XInput1_3.dll not found. Trying XInput9_1_0.dll instead...
XInput9_1_0.dll not found either. XInput-based controllers will use HID and probably not work as expected.
Could not enumerate input devices with SetupDiGetClassDevs! (0)
XInput1_3.dll not found. Trying XInput9_1_0.dll instead...
XInput9_1_0.dll not found either. XInput-based controllers will not have full functionality.
<RI> Input initialized.
d3d11: QueryInterface(IDXGISwapChain2) failed (80004002).
Could not enumerate input devices with SetupDiGetClassDevs! (0)
